
Running 57 tests using 1 worker

  x   1 [chromium] › tests\01-auth-signup.spec.ts:10:3 › GROUP 1 — Auth: Signup (Email/Password) › TC-1.1 — Successful Signup User A (34.8s)
  x   2 [chromium] › tests\01-auth-signup.spec.ts:23:3 › GROUP 1 — Auth: Signup (Email/Password) › TC-1.3 — Signup User B (30.4s)
  x   3 [chromium] › tests\01-auth-signup.spec.ts:35:3 › GROUP 1 — Auth: Signup (Email/Password) › TC-1.4 — Signup User C (32.0s)
  x   4 [chromium] › tests\01-auth-signup.spec.ts:47:3 › GROUP 1 — Auth: Signup (Email/Password) › TC-1.5 — Duplicate Email Rejected (1.1m)
  x   5 [chromium] › tests\01-auth-signup.spec.ts:69:3 › GROUP 1 — Auth: Signup (Email/Password) › TC-1.6 — Consent Checkbox Required (1.1m)
  x   6 [chromium] › tests\01-auth-signup.spec.ts:90:3 › GROUP 1 — Auth: Signup (Email/Password) › TC-1.7 — Short Password Rejected (1.1m)
  x   7 [chromium] › tests\01-auth-signup.spec.ts:108:3 › GROUP 1 — Auth: Signup (Email/Password) › TC-1.8 — Invalid Email Format Rejected (1.1m)
  x   8 [chromium] › tests\01-auth-signup.spec.ts:124:3 › GROUP 1 — Auth: Signup (Email/Password) › TC-1.9 — Empty Full Name Rejected (0ms)
  -   9 [chromium] › tests\01-auth-signup.spec.ts:141:3 › GROUP 1 — Auth: Signup (Email/Password) › TC-1.10 — Signup Page Has Google Button
  x  10 [chromium] › tests\02-auth-login.spec.ts:10:3 › GROUP 2 — Auth: Login / Logout › TC-2.1 — Successful Login (0ms)
  -  11 [chromium] › tests\02-auth-login.spec.ts:22:3 › GROUP 2 — Auth: Login / Logout › TC-2.2 — Login Page Has Google Button
  -  12 [chromium] › tests\02-auth-login.spec.ts:32:3 › GROUP 2 — Auth: Login / Logout › TC-2.3 — Wrong Password
  -  13 [chromium] › tests\02-auth-login.spec.ts:50:3 › GROUP 2 — Auth: Login / Logout › TC-2.4 — Unregistered Email
  -  14 [chromium] › tests\02-auth-login.spec.ts:64:3 › GROUP 2 — Auth: Login / Logout › TC-2.5 — Empty Fields on Login
  -  15 [chromium] › tests\02-auth-login.spec.ts:78:3 › GROUP 2 — Auth: Login / Logout › TC-2.6 — Logout
  -  16 [chromium] › tests\02-auth-login.spec.ts:119:3 › GROUP 2 — Auth: Login / Logout › TC-2.7 — Unauthenticated User Redirected from Dashboard
  -  17 [chromium] › tests\02-auth-login.spec.ts:129:3 › GROUP 2 — Auth: Login / Logout › TC-2.8 — All Protected Routes Redirect When Unauthenticated
  x  18 [chromium] › tests\04-forgot-password.spec.ts:10:3 › GROUP 4 — Auth: Forgot Password › TC-4.1 — Forgot Password Link on Login Page (0ms)
  -  19 [chromium] › tests\04-forgot-password.spec.ts:20:3 › GROUP 4 — Auth: Forgot Password › TC-4.2 — Request Password Reset — Valid Email
  -  20 [chromium] › tests\04-forgot-password.spec.ts:37:3 › GROUP 4 — Auth: Forgot Password › TC-4.3 — Reset — Unregistered Email
  -  21 [chromium] › tests\04-forgot-password.spec.ts:55:3 › GROUP 4 — Auth: Forgot Password › TC-4.4 — Reset — Invalid Email Format
  -  22 [chromium] › tests\04-forgot-password.spec.ts:69:3 › GROUP 4 — Auth: Forgot Password › TC-4.5 — Reset — Empty Field
  x  23 [chromium] › tests\05-dashboard.spec.ts:6:3 › GROUP 5 — Dashboard › TC-5.1 — Dashboard Loads When Authenticated (0ms)
  -  24 [chromium] › tests\05-dashboard.spec.ts:19:3 › GROUP 5 — Dashboard › TC-5.2 — Dashboard Empty State
  -  25 [chromium] › tests\05-dashboard.spec.ts:33:3 › GROUP 5 — Dashboard › TC-5.3 — Dashboard Shows Trips After Posting
  -  26 [chromium] › tests\05-dashboard.spec.ts:50:3 › GROUP 5 — Dashboard › TC-5.5 — Bottom Navigation — All Tabs
  -  27 [chromium] › tests\05-dashboard.spec.ts:79:3 › GROUP 5 — Dashboard › TC-5.6 — Dashboard Shows Joined Trip
  -  28 [chromium] › tests\05-dashboard.spec.ts:91:3 › GROUP 5 — Dashboard › TC-5.7 — Trips Sorted by Departure Time
  x  29 [chromium] › tests\06-post-trip.spec.ts:11:3 › GROUP 6 — Post Trip › TC-6.1 — Post a Valid Trip (0ms)
  -  30 [chromium] › tests\06-post-trip.spec.ts:60:3 › GROUP 6 — Post Trip › TC-6.3 — Missing Destination Rejected
  -  31 [chromium] › tests\06-post-trip.spec.ts:75:3 › GROUP 6 — Post Trip › TC-6.6 — Gas Contribution Is Optional
  -  32 [chromium] › tests\06-post-trip.spec.ts:101:3 › GROUP 6 — Post Trip › TC-6.7 — Off-Peak Hours Warning Shown
  -  33 [chromium] › tests\06-post-trip.spec.ts:124:3 › GROUP 6 — Post Trip › TC-6.9 — Seats Stepper Cannot Go Below 1
  -  34 [chromium] › tests\06-post-trip.spec.ts:144:3 › GROUP 6 — Post Trip › TC-6.10 — Seats Stepper Cannot Exceed 4
  x  35 [chromium] › tests\07-trip-detail-join.spec.ts:6:3 › GROUP 7 — Trip Detail & Join › TC-7.1 — View Trip Detail (0ms)
  -  36 [chromium] › tests\07-trip-detail-join.spec.ts:31:3 › GROUP 7 — Trip Detail & Join › TC-7.2 — Join a Trip
  -  37 [chromium] › tests\07-trip-detail-join.spec.ts:62:3 › GROUP 7 — Trip Detail & Join › TC-7.5 — Driver Sees Passenger
  -  38 [chromium] › tests\07-trip-detail-join.spec.ts:85:3 › GROUP 7 — Trip Detail & Join › TC-7.6 — Cannot Join Own Trip
  -  39 [chromium] › tests\07-trip-detail-join.spec.ts:112:3 › GROUP 7 — Trip Detail & Join › TC-7.10 — Share Driver Info Button Visible After Joining
  x  40 [chromium] › tests\08-safety-card.spec.ts:8:3 › GROUP 8 — Safety Card › TC-8.1 — Generate Safety Card Link (0ms)
  -  41 [chromium] › tests\08-safety-card.spec.ts:42:3 › GROUP 8 — Safety Card › TC-8.3 — Safety Card Accessible Without Login
  -  42 [chromium] › tests\08-safety-card.spec.ts:63:3 › GROUP 8 — Safety Card › TC-8.4 — Safety Card Shows Correct Driver Name
  -  43 [chromium] › tests\08-safety-card.spec.ts:80:3 › GROUP 8 — Safety Card › TC-8.10 — Non-Passenger Cannot Generate Safety Card
  x  44 [chromium] › tests\09-manifest.spec.ts:6:3 › GROUP 9 — Manifest (LTFRB Compliance) › TC-9.1 — Generate Manifest Link (0ms)
  -  45 [chromium] › tests\09-manifest.spec.ts:34:3 › GROUP 9 — Manifest (LTFRB Compliance) › TC-9.3 — Manifest Accessible Without Login
  -  46 [chromium] › tests\09-manifest.spec.ts:53:3 › GROUP 9 — Manifest (LTFRB Compliance) › TC-9.4 — Manifest Shows LTFRB Header
  -  47 [chromium] › tests\09-manifest.spec.ts:70:3 › GROUP 9 — Manifest (LTFRB Compliance) › TC-9.6 — Manifest Shows Passenger List
  x  48 [chromium] › tests\10-profile.spec.ts:6:3 › GROUP 10 — Profile › TC-10.1 — View Profile (0ms)
  -  49 [chromium] › tests\10-profile.spec.ts:23:3 › GROUP 10 — Profile › TC-10.2 — Add Vehicle Info
  -  50 [chromium] › tests\10-profile.spec.ts:53:3 › GROUP 10 — Profile › TC-10.4 — Edit Full Name
  -  51 [chromium] › tests\10-profile.spec.ts:77:3 › GROUP 10 — Profile › TC-10.7 — Profile Rating Shows Zero Gracefully
  -  52 [chromium] › tests\10-profile.spec.ts:95:3 › GROUP 10 — Profile › TC-10.8 — Vehicle Info Is Optional
  x  53 [chromium] › tests\11-firestore-rules.spec.ts:6:3 › GROUP 11 — Firestore Security Rules › TC-11.1 — User Cannot Write to Another User's Doc (0ms)
  -  54 [chromium] › tests\11-firestore-rules.spec.ts:34:3 › GROUP 11 — Firestore Security Rules › TC-11.5 — Safety Links Are Publicly Readable
  -  55 [chromium] › tests\11-firestore-rules.spec.ts:51:3 › GROUP 11 — Firestore Security Rules › TC-11.6 — Manifests Are Publicly Readable
  -  56 [chromium] › tests\11-firestore-rules.spec.ts:68:3 › GROUP 11 — Firestore Security Rules › TC-11.8 — Unauthenticated Cannot Post Trips
  -  57 [chromium] › tests\11-firestore-rules.spec.ts:84:3 › GROUP 11 — Firestore Security Rules › TC-11.4 — Unauthenticated Cannot Read Users Collection


  1) [chromium] › tests\01-auth-signup.spec.ts:10:3 › GROUP 1 — Auth: Signup (Email/Password) › TC-1.1 — Successful Signup User A 

    TimeoutError: page.waitForURL: Timeout 15000ms exceeded.
    =========================== logs ===========================
    waiting for navigation to "/" until "load"
    ============================================================

       at helpers\auth.ts:108

      106 |   }
      107 |   
    > 108 |   await page.waitForURL('/', { timeout: 15000 });
          |              ^
      109 | }
      110 |
      111 | export async function clearAuth(page: Page) {
        at signupAs (C:\Users\Ron\.antigravity\Projects\community-ride-app\tests\helpers\auth.ts:108:14)
        at C:\Users\Ron\.antigravity\Projects\community-ride-app\tests\01-auth-signup.spec.ts:11:5

    attachment #1: screenshot (image/png) ──────────────────────────────────────────────────────────
    test-results\01-auth-signup-GROUP-1-—-A-4300b--—-Successful-Signup-User-A-chromium\test-failed-1.png
    ────────────────────────────────────────────────────────────────────────────────────────────────

    attachment #2: video (video/webm) ──────────────────────────────────────────────────────────────
    test-results\01-auth-signup-GROUP-1-—-A-4300b--—-Successful-Signup-User-A-chromium\video.webm
    ────────────────────────────────────────────────────────────────────────────────────────────────

    Error Context: test-results\01-auth-signup-GROUP-1-—-A-4300b--—-Successful-Signup-User-A-chromium\error-context.md

  2) [chromium] › tests\01-auth-signup.spec.ts:23:3 › GROUP 1 — Auth: Signup (Email/Password) › TC-1.3 — Signup User B 

    TimeoutError: page.waitForURL: Timeout 15000ms exceeded.
    =========================== logs ===========================
    waiting for navigation to "/" until "load"
    ============================================================

       at helpers\auth.ts:108

      106 |   }
      107 |   
    > 108 |   await page.waitForURL('/', { timeout: 15000 });
          |              ^
      109 | }
      110 |
      111 | export async function clearAuth(page: Page) {
        at signupAs (C:\Users\Ron\.antigravity\Projects\community-ride-app\tests\helpers\auth.ts:108:14)
        at C:\Users\Ron\.antigravity\Projects\community-ride-app\tests\01-auth-signup.spec.ts:24:5

    attachment #1: screenshot (image/png) ──────────────────────────────────────────────────────────
    test-results\01-auth-signup-GROUP-1-—-A-3a781-word-TC-1-3-—-Signup-User-B-chromium\test-failed-1.png
    ────────────────────────────────────────────────────────────────────────────────────────────────

    attachment #2: video (video/webm) ──────────────────────────────────────────────────────────────
    test-results\01-auth-signup-GROUP-1-—-A-3a781-word-TC-1-3-—-Signup-User-B-chromium\video.webm
    ────────────────────────────────────────────────────────────────────────────────────────────────

    Error Context: test-results\01-auth-signup-GROUP-1-—-A-3a781-word-TC-1-3-—-Signup-User-B-chromium\error-context.md

  3) [chromium] › tests\01-auth-signup.spec.ts:35:3 › GROUP 1 — Auth: Signup (Email/Password) › TC-1.4 — Signup User C 

    TimeoutError: page.waitForURL: Timeout 15000ms exceeded.
    =========================== logs ===========================
    waiting for navigation to "/" until "load"
    ============================================================

       at helpers\auth.ts:108

      106 |   }
      107 |   
    > 108 |   await page.waitForURL('/', { timeout: 15000 });
          |              ^
      109 | }
      110 |
      111 | export async function clearAuth(page: Page) {
        at signupAs (C:\Users\Ron\.antigravity\Projects\community-ride-app\tests\helpers\auth.ts:108:14)
        at C:\Users\Ron\.antigravity\Projects\community-ride-app\tests\01-auth-signup.spec.ts:36:5

    attachment #1: screenshot (image/png) ──────────────────────────────────────────────────────────
    test-results\01-auth-signup-GROUP-1-—-A-cf7e8-word-TC-1-4-—-Signup-User-C-chromium\test-failed-1.png
    ────────────────────────────────────────────────────────────────────────────────────────────────

    attachment #2: video (video/webm) ──────────────────────────────────────────────────────────────
    test-results\01-auth-signup-GROUP-1-—-A-cf7e8-word-TC-1-4-—-Signup-User-C-chromium\video.webm
    ────────────────────────────────────────────────────────────────────────────────────────────────

    Error Context: test-results\01-auth-signup-GROUP-1-—-A-cf7e8-word-TC-1-4-—-Signup-User-C-chromium\error-context.md

  4) [chromium] › tests\01-auth-signup.spec.ts:47:3 › GROUP 1 — Auth: Signup (Email/Password) › TC-1.5 — Duplicate Email Rejected 

    [31mTest timeout of 60000ms exceeded.[39m

    Error: page.fill: Test timeout of 60000ms exceeded.
    Call log:
    [2m  - waiting for locator('input[name="fullName"], input[placeholder*="name" i]')[22m


      49 |     await page.waitForLoadState('networkidle');
      50 |     
    > 51 |     await page.fill('input[name="fullName"], input[placeholder*="name" i]', 'Test Duplicate');
         |                ^
      52 |     await page.fill('input[type="email"]', 'testdriver@communityride.test');
      53 |     await page.fill('input[type="password"]', 'Test123!');
      54 |     await page.fill('input[type="tel"], input[placeholder*="917"]', '9171111111');
        at C:\Users\Ron\.antigravity\Projects\community-ride-app\tests\01-auth-signup.spec.ts:51:16

    attachment #1: screenshot (image/png) ──────────────────────────────────────────────────────────
    test-results\01-auth-signup-GROUP-1-—-A-8ca07--—-Duplicate-Email-Rejected-chromium\test-failed-1.png
    ────────────────────────────────────────────────────────────────────────────────────────────────

    attachment #2: video (video/webm) ──────────────────────────────────────────────────────────────
    test-results\01-auth-signup-GROUP-1-—-A-8ca07--—-Duplicate-Email-Rejected-chromium\video.webm
    ────────────────────────────────────────────────────────────────────────────────────────────────

    Error Context: test-results\01-auth-signup-GROUP-1-—-A-8ca07--—-Duplicate-Email-Rejected-chromium\error-context.md

  5) [chromium] › tests\01-auth-signup.spec.ts:69:3 › GROUP 1 — Auth: Signup (Email/Password) › TC-1.6 — Consent Checkbox Required 

    [31mTest timeout of 60000ms exceeded.[39m

    Error: page.fill: Test timeout of 60000ms exceeded.
    Call log:
    [2m  - waiting for locator('input[name="fullName"], input[placeholder*="name" i]')[22m


      71 |     await page.waitForLoadState('networkidle');
      72 |     
    > 73 |     await page.fill('input[name="fullName"], input[placeholder*="name" i]', 'Test User');
         |                ^
      74 |     await page.fill('input[type="email"]', 'testuser@example.com');
      75 |     await page.fill('input[type="password"]', 'Test123!');
      76 |     await page.fill('input[type="tel"], input[placeholder*="917"]', '9171234567');
        at C:\Users\Ron\.antigravity\Projects\community-ride-app\tests\01-auth-signup.spec.ts:73:16

    attachment #1: screenshot (image/png) ──────────────────────────────────────────────────────────
    test-results\01-auth-signup-GROUP-1-—-A-9509e-—-Consent-Checkbox-Required-chromium\test-failed-1.png
    ────────────────────────────────────────────────────────────────────────────────────────────────

    attachment #2: video (video/webm) ──────────────────────────────────────────────────────────────
    test-results\01-auth-signup-GROUP-1-—-A-9509e-—-Consent-Checkbox-Required-chromium\video.webm
    ────────────────────────────────────────────────────────────────────────────────────────────────

    Error Context: test-results\01-auth-signup-GROUP-1-—-A-9509e-—-Consent-Checkbox-Required-chromium\error-context.md

  6) [chromium] › tests\01-auth-signup.spec.ts:90:3 › GROUP 1 — Auth: Signup (Email/Password) › TC-1.7 — Short Password Rejected 

    [31mTest timeout of 60000ms exceeded.[39m

    Error: page.fill: Test timeout of 60000ms exceeded.
    Call log:
    [2m  - waiting for locator('input[name="fullName"], input[placeholder*="name" i]')[22m


      92 |     await page.waitForLoadState('networkidle');
      93 |     
    > 94 |     await page.fill('input[name="fullName"], input[placeholder*="name" i]', 'Test User');
         |                ^
      95 |     await page.fill('input[type="email"]', 'testuser@example.com');
      96 |     await page.fill('input[type="password"]', 'abc'); // Too short
      97 |     await page.fill('input[type="tel"], input[placeholder*="917"]', '9171234567');
        at C:\Users\Ron\.antigravity\Projects\community-ride-app\tests\01-auth-signup.spec.ts:94:16

    attachment #1: screenshot (image/png) ──────────────────────────────────────────────────────────
    test-results\01-auth-signup-GROUP-1-—-A-f5e0c-7-—-Short-Password-Rejected-chromium\test-failed-1.png
    ────────────────────────────────────────────────────────────────────────────────────────────────

    attachment #2: video (video/webm) ──────────────────────────────────────────────────────────────
    test-results\01-auth-signup-GROUP-1-—-A-f5e0c-7-—-Short-Password-Rejected-chromium\video.webm
    ────────────────────────────────────────────────────────────────────────────────────────────────

    Error Context: test-results\01-auth-signup-GROUP-1-—-A-f5e0c-7-—-Short-Password-Rejected-chromium\error-context.md

  7) [chromium] › tests\01-auth-signup.spec.ts:108:3 › GROUP 1 — Auth: Signup (Email/Password) › TC-1.8 — Invalid Email Format Rejected 

    [31mTest timeout of 60000ms exceeded.[39m

    Error: page.fill: Test timeout of 60000ms exceeded.
    Call log:
    [2m  - waiting for locator('input[name="fullName"], input[placeholder*="name" i]')[22m


      110 |     await page.waitForLoadState('networkidle');
      111 |     
    > 112 |     await page.fill('input[name="fullName"], input[placeholder*="name" i]', 'Test User');
          |                ^
      113 |     await page.fill('input[type="email"]', 'notanemail');
      114 |     await page.fill('input[type="password"]', 'Test123!');
      115 |     await page.fill('input[type="tel"], input[placeholder*="917"]', '9171234567');
        at C:\Users\Ron\.antigravity\Projects\community-ride-app\tests\01-auth-signup.spec.ts:112:16

    attachment #1: screenshot (image/png) ──────────────────────────────────────────────────────────
    test-results\01-auth-signup-GROUP-1-—-A-7a240-valid-Email-Format-Rejected-chromium\test-failed-1.png
    ────────────────────────────────────────────────────────────────────────────────────────────────

    attachment #2: video (video/webm) ──────────────────────────────────────────────────────────────
    test-results\01-auth-signup-GROUP-1-—-A-7a240-valid-Email-Format-Rejected-chromium\video.webm
    ────────────────────────────────────────────────────────────────────────────────────────────────

    Error Context: test-results\01-auth-signup-GROUP-1-—-A-7a240-valid-Email-Format-Rejected-chromium\error-context.md

  8) [chromium] › tests\01-auth-signup.spec.ts:124:3 › GROUP 1 — Auth: Signup (Email/Password) › TC-1.9 — Empty Full Name Rejected 

    Error: worker process exited unexpectedly (code=3221225794, signal=null)

  9) [chromium] › tests\02-auth-login.spec.ts:10:3 › GROUP 2 — Auth: Login / Logout › TC-2.1 — Successful Login 

    Error: worker process exited unexpectedly (code=3221225794, signal=null)

  10) [chromium] › tests\04-forgot-password.spec.ts:10:3 › GROUP 4 — Auth: Forgot Password › TC-4.1 — Forgot Password Link on Login Page 

    Error: worker process exited unexpectedly (code=3221225794, signal=null)

  11) [chromium] › tests\05-dashboard.spec.ts:6:3 › GROUP 5 — Dashboard › TC-5.1 — Dashboard Loads When Authenticated 

    Error: worker process exited unexpectedly (code=3221225794, signal=null)

  12) [chromium] › tests\06-post-trip.spec.ts:11:3 › GROUP 6 — Post Trip › TC-6.1 — Post a Valid Trip 

    Error: worker process exited unexpectedly (code=3221225794, signal=null)

  13) [chromium] › tests\07-trip-detail-join.spec.ts:6:3 › GROUP 7 — Trip Detail & Join › TC-7.1 — View Trip Detail 

    Error: worker process exited unexpectedly (code=3221225794, signal=null)

  14) [chromium] › tests\08-safety-card.spec.ts:8:3 › GROUP 8 — Safety Card › TC-8.1 — Generate Safety Card Link 

    Error: worker process exited unexpectedly (code=3221225794, signal=null)

  15) [chromium] › tests\09-manifest.spec.ts:6:3 › GROUP 9 — Manifest (LTFRB Compliance) › TC-9.1 — Generate Manifest Link 

    Error: worker process exited unexpectedly (code=3221225794, signal=null)

  16) [chromium] › tests\10-profile.spec.ts:6:3 › GROUP 10 — Profile › TC-10.1 — View Profile ──────

    Error: worker process exited unexpectedly (code=3221225794, signal=null)

  17) [chromium] › tests\11-firestore-rules.spec.ts:6:3 › GROUP 11 — Firestore Security Rules › TC-11.1 — User Cannot Write to Another User's Doc 

    Error: worker process exited unexpectedly (code=3221225794, signal=null)

  17 failed
    [chromium] › tests\01-auth-signup.spec.ts:10:3 › GROUP 1 — Auth: Signup (Email/Password) › TC-1.1 — Successful Signup User A 
    [chromium] › tests\01-auth-signup.spec.ts:23:3 › GROUP 1 — Auth: Signup (Email/Password) › TC-1.3 — Signup User B 
    [chromium] › tests\01-auth-signup.spec.ts:35:3 › GROUP 1 — Auth: Signup (Email/Password) › TC-1.4 — Signup User C 
    [chromium] › tests\01-auth-signup.spec.ts:47:3 › GROUP 1 — Auth: Signup (Email/Password) › TC-1.5 — Duplicate Email Rejected 
    [chromium] › tests\01-auth-signup.spec.ts:69:3 › GROUP 1 — Auth: Signup (Email/Password) › TC-1.6 — Consent Checkbox Required 
    [chromium] › tests\01-auth-signup.spec.ts:90:3 › GROUP 1 — Auth: Signup (Email/Password) › TC-1.7 — Short Password Rejected 
    [chromium] › tests\01-auth-signup.spec.ts:108:3 › GROUP 1 — Auth: Signup (Email/Password) › TC-1.8 — Invalid Email Format Rejected 
    [chromium] › tests\01-auth-signup.spec.ts:124:3 › GROUP 1 — Auth: Signup (Email/Password) › TC-1.9 — Empty Full Name Rejected 
    [chromium] › tests\02-auth-login.spec.ts:10:3 › GROUP 2 — Auth: Login / Logout › TC-2.1 — Successful Login 
    [chromium] › tests\04-forgot-password.spec.ts:10:3 › GROUP 4 — Auth: Forgot Password › TC-4.1 — Forgot Password Link on Login Page 
    [chromium] › tests\05-dashboard.spec.ts:6:3 › GROUP 5 — Dashboard › TC-5.1 — Dashboard Loads When Authenticated 
    [chromium] › tests\06-post-trip.spec.ts:11:3 › GROUP 6 — Post Trip › TC-6.1 — Post a Valid Trip 
    [chromium] › tests\07-trip-detail-join.spec.ts:6:3 › GROUP 7 — Trip Detail & Join › TC-7.1 — View Trip Detail 
    [chromium] › tests\08-safety-card.spec.ts:8:3 › GROUP 8 — Safety Card › TC-8.1 — Generate Safety Card Link 
    [chromium] › tests\09-manifest.spec.ts:6:3 › GROUP 9 — Manifest (LTFRB Compliance) › TC-9.1 — Generate Manifest Link 
    [chromium] › tests\10-profile.spec.ts:6:3 › GROUP 10 — Profile › TC-10.1 — View Profile ────────
    [chromium] › tests\11-firestore-rules.spec.ts:6:3 › GROUP 11 — Firestore Security Rules › TC-11.1 — User Cannot Write to Another User's Doc 
  40 did not run
